// Jest Snapshot v1, https://goo.gl/fbAQLP

exports[`FolderOther should render correctly 1`] = `
<DocumentFragment>
  <div
    class="scrollable-div"
  >
    <table
      class="content-table"
    >
      <thead>
        <tr
          class="table-head"
        >
          <td>
            Plik
          </td>
          <td>
            Data
          </td>
          <td>
            Opis
          </td>
          <td>
            Pobierz
          </td>
          <td>
            Usuń
          </td>
        </tr>
      </thead>
      <tbody
        class="body table-body"
      >
        <tr>
          <td
            id="tooltip"
          />
          <td
            id="hiddenText"
          />
          <td />
          <td>
            <button
              class="btn btn-info"
              type="button"
            >
              Edytuj
            </button>
          </td>
          <td>
            <button
              class="btn btn-primary"
            >
              Pobierz
            </button>
          </td>
          <td>
            <button
              class="btn btn-danger"
            >
              Usuń
            </button>
          </td>
        </tr>
      </tbody>
    </table>
    <br />
    <div
      class="uploadDiv"
    >
      <form
        enctype="multipart/form-data"
      >
        <div
          class="input23"
        >
             
          <input
            class="form-control"
            id="customFile"
            multiple=""
            name="file"
            type="file"
          />
        </div>
        <p />
        <button
          class="btn btn-primary"
          type="submit"
        >
           Wyślij
        </button>
      </form>
    </div>
    <div
      class="deleteAll"
    >
      <button
        class="btn btn-danger btn-lg"
      >
        Usuń wszystkie pliki
      </button>
    </div>
  </div>
</DocumentFragment>
`;
